// Vitest Snapshot v1

exports[`YBtn > Btn component type is ok? 1`] = `"<a-button-stub size=\\"middle\\" type=\\"link\\" htmltype=\\"submit\\" loading=\\"false\\" class=\\"ygp-btn\\" shape=\\"circle\\"></a-button-stub>"`;
