// Vitest Snapshot v1

exports[`YInput > should support fillPrecision 1`] = `
"<div class=\\"ant-input-number ygp-input-number\\">
  <div class=\\"ant-input-number-handler-wrap\\"><span unselectable=\\"on\\" role=\\"button\\" aria-label=\\"Increase Value\\" aria-disabled=\\"false\\" class=\\"ant-input-number-handler ant-input-number-handler-up\\"><span role=\\"img\\" aria-label=\\"up\\" class=\\"anticon anticon-up ant-input-number-handler-up-inner\\"><svg focusable=\\"false\\" class=\\"\\" data-icon=\\"up\\" width=\\"1em\\" height=\\"1em\\" fill=\\"currentColor\\" aria-hidden=\\"true\\" viewBox=\\"64 64 896 896\\"><path d=\\"M890.5 755.3L537.9 269.2c-12.8-17.6-39-17.6-51.7 0L133.5 755.3A8 8 0 00140 768h75c5.1 0 9.9-2.5 12.9-6.6L512 369.8l284.1 391.6c3 4.1 7.8 6.6 12.9 6.6h75c6.5 0 10.3-7.4 6.5-12.7z\\"></path></svg></span></span><span unselectable=\\"on\\" role=\\"button\\" aria-label=\\"Decrease Value\\" aria-disabled=\\"false\\" class=\\"ant-input-number-handler ant-input-number-handler-down\\"><span role=\\"img\\" aria-label=\\"down\\" class=\\"anticon anticon-down ant-input-number-handler-down-inner\\"><svg focusable=\\"false\\" class=\\"\\" data-icon=\\"down\\" width=\\"1em\\" height=\\"1em\\" fill=\\"currentColor\\" aria-hidden=\\"true\\" viewBox=\\"64 64 896 896\\"><path d=\\"M884 256h-75c-5.1 0-9.9 2.5-12.9 6.6L512 654.2 227.9 262.6c-3-4.1-7.8-6.6-12.9-6.6h-75c-6.5 0-10.3 7.4-6.5 12.7l352.6 486.1c12.8 17.6 39 17.6 51.7 0l352.6-486.1c3.9-5.3.1-12.7-6.4-12.7z\\"></path></svg></span></span></div>
  <div class=\\"ant-input-number-input-wrap\\"><input autocomplete=\\"off\\" role=\\"spinbutton\\" step=\\"1\\" htmlsize=\\"20\\" class=\\"ant-input-number-input\\" aria-valuenow=\\"3\\"></div>
</div>"
`;

exports[`YInput > this input type is input 1`] = `"<input type=\\"text\\" class=\\"ant-input ygp-input\\">"`;

exports[`YInput > this input type is number 1`] = `
"<div class=\\"ant-input-number ygp-input-number\\">
  <div class=\\"ant-input-number-handler-wrap\\"><span unselectable=\\"on\\" role=\\"button\\" aria-label=\\"Increase Value\\" aria-disabled=\\"false\\" class=\\"ant-input-number-handler ant-input-number-handler-up\\"><span role=\\"img\\" aria-label=\\"up\\" class=\\"anticon anticon-up ant-input-number-handler-up-inner\\"><svg focusable=\\"false\\" class=\\"\\" data-icon=\\"up\\" width=\\"1em\\" height=\\"1em\\" fill=\\"currentColor\\" aria-hidden=\\"true\\" viewBox=\\"64 64 896 896\\"><path d=\\"M890.5 755.3L537.9 269.2c-12.8-17.6-39-17.6-51.7 0L133.5 755.3A8 8 0 00140 768h75c5.1 0 9.9-2.5 12.9-6.6L512 369.8l284.1 391.6c3 4.1 7.8 6.6 12.9 6.6h75c6.5 0 10.3-7.4 6.5-12.7z\\"></path></svg></span></span><span unselectable=\\"on\\" role=\\"button\\" aria-label=\\"Decrease Value\\" aria-disabled=\\"false\\" class=\\"ant-input-number-handler ant-input-number-handler-down\\"><span role=\\"img\\" aria-label=\\"down\\" class=\\"anticon anticon-down ant-input-number-handler-down-inner\\"><svg focusable=\\"false\\" class=\\"\\" data-icon=\\"down\\" width=\\"1em\\" height=\\"1em\\" fill=\\"currentColor\\" aria-hidden=\\"true\\" viewBox=\\"64 64 896 896\\"><path d=\\"M884 256h-75c-5.1 0-9.9 2.5-12.9 6.6L512 654.2 227.9 262.6c-3-4.1-7.8-6.6-12.9-6.6h-75c-6.5 0-10.3 7.4-6.5 12.7l352.6 486.1c12.8 17.6 39 17.6 51.7 0l352.6-486.1c3.9-5.3.1-12.7-6.4-12.7z\\"></path></svg></span></span></div>
  <div class=\\"ant-input-number-input-wrap\\"><input autocomplete=\\"off\\" role=\\"spinbutton\\" step=\\"1\\" htmlsize=\\"20\\" class=\\"ant-input-number-input\\"></div>
</div>"
`;

exports[`YInput > this input type is password 1`] = `"<span class=\\"ant-input-affix-wrapper ant-input-password ygp-input-password\\"><!----><input type=\\"password\\" class=\\"ant-input\\"><span class=\\"ant-input-suffix\\"><!----><!----><span role=\\"img\\" aria-label=\\"eye-invisible\\" tabindex=\\"-1\\" class=\\"anticon anticon-eye-invisible ant-input-password-icon\\"><svg focusable=\\"false\\" class=\\"\\" data-icon=\\"eye-invisible\\" width=\\"1em\\" height=\\"1em\\" fill=\\"currentColor\\" aria-hidden=\\"true\\" viewBox=\\"64 64 896 896\\"><path d=\\"M942.2 486.2Q889.47 375.11 816.7 305l-50.88 50.88C807.31 395.53 843.45 447.4 874.7 512 791.5 684.2 673.4 766 512 766q-72.67 0-133.87-22.38L323 798.75Q408 838 512 838q288.3 0 430.2-300.3a60.29 60.29 0 000-51.5zm-63.57-320.64L836 122.88a8 8 0 00-11.32 0L715.31 232.2Q624.86 186 512 186q-288.3 0-430.2 300.3a60.3 60.3 0 000 51.5q56.69 119.4 136.5 191.41L112.48 835a8 8 0 000 11.31L155.17 889a8 8 0 0011.31 0l712.15-712.12a8 8 0 000-11.32zM149.3 512C232.6 339.8 350.7 258 512 258c54.54 0 104.13 9.36 149.12 28.39l-70.3 70.3a176 176 0 00-238.13 238.13l-83.42 83.42C223.1 637.49 183.3 582.28 149.3 512zm246.7 0a112.11 112.11 0 01146.2-106.69L401.31 546.2A112 112 0 01396 512z\\"></path><path d=\\"M508 624c-3.46 0-6.87-.16-10.25-.47l-52.82 52.82a176.09 176.09 0 00227.42-227.42l-52.82 52.82c.31 3.38.47 6.79.47 10.25a111.94 111.94 0 01-112 112z\\"></path></svg></span></span></span>"`;

exports[`YInput > this input type is search 1`] = `"<span class=\\"ant-input-group-wrapper ant-input-search ygp-input-search\\"><span class=\\"ant-input-wrapper ant-input-group\\"><!----><input type=\\"text\\" class=\\"ant-input\\"><span class=\\"ant-input-group-addon\\"><button class=\\"ant-btn ant-input-search-button ant-btn-icon-only\\" type=\\"button\\"><span role=\\"img\\" aria-label=\\"search\\" class=\\"anticon anticon-search\\"><svg focusable=\\"false\\" class=\\"\\" data-icon=\\"search\\" width=\\"1em\\" height=\\"1em\\" fill=\\"currentColor\\" aria-hidden=\\"true\\" viewBox=\\"64 64 896 896\\"><path d=\\"M909.6 854.5L649.9 594.8C690.2 542.7 712 479 712 412c0-80.2-31.3-155.4-87.9-212.1-56.6-56.7-132-87.9-212.1-87.9s-155.5 31.3-212.1 87.9C143.2 256.5 112 331.8 112 412c0 80.1 31.3 155.5 87.9 212.1C256.5 680.8 331.8 712 412 712c67 0 130.6-21.8 182.7-62l259.7 259.6a8.2 8.2 0 0011.6 0l43.6-43.5a8.2 8.2 0 000-11.6zM570.4 570.4C528 612.7 471.8 636 412 636s-116-23.3-158.4-65.6C211.3 528 188 471.8 188 412s23.3-116.1 65.6-158.4C296 211.3 352.2 188 412 188s116.1 23.2 158.4 65.6S636 352.2 636 412s-23.3 116.1-65.6 158.4z\\"></path></svg></span></button></span></span></span>"`;

exports[`YInput > this input type is text 1`] = `"<input type=\\"text\\" class=\\"ant-input ygp-input\\">"`;

exports[`YInput > this input type is textarea 1`] = `"<textarea htmlsize=\\"20\\" rows=\\"1\\" class=\\"ant-input ygp-textarea\\" style=\\"height: -24px; min-height: -8px; max-height: -24px; overflow-y: hidden; resize: none; overflow-x: hidden;\\"></textarea>"`;
