// Vitest Snapshot v1

exports[`YTabs > tabs component change is ok 1`] = `
"<div class=\\"ant-tabs ant-tabs-top ant-tabs-card ygp-tabs\\">
  <div role=\\"tablist\\" class=\\"ant-tabs-nav\\">
    <!---->
    <div class=\\"ant-tabs-nav-wrap\\">
      <div class=\\"ant-tabs-nav-list\\" style=\\"transform: translate(0px, 0px);\\">
        <div class=\\"ant-tabs-tab\\">
          <div role=\\"tab\\" aria-selected=\\"false\\" class=\\"ant-tabs-tab-btn\\" tabindex=\\"0\\" id=\\"rc-tabs-test-tab-1\\" aria-controls=\\"rc-tabs-test-panel-1\\">选项一</div>
          <!---->
        </div>
        <div class=\\"ant-tabs-tab ant-tabs-tab-active\\" style=\\"margin-left: -1px;\\">
          <div role=\\"tab\\" aria-selected=\\"true\\" class=\\"ant-tabs-tab-btn\\" tabindex=\\"0\\" id=\\"rc-tabs-test-tab-2\\" aria-controls=\\"rc-tabs-test-panel-2\\">选项二</div>
          <!---->
        </div>
        <!---->
        <div class=\\"ant-tabs-ink-bar ant-tabs-ink-bar-animated\\" style=\\"left: 0px; width: 0px;\\"></div>
      </div>
    </div>
    <div class=\\"ant-tabs-nav-operations ant-tabs-nav-operations-hidden\\">
      <!----><button type=\\"button\\" class=\\"ant-tabs-nav-more\\" style=\\"visibility: hidden; order: 1;\\" tabindex=\\"-1\\" aria-hidden=\\"true\\" aria-haspopup=\\"listbox\\" aria-controls=\\"rc-tabs-test-more-popup\\" id=\\"rc-tabs-test-more\\" aria-expanded=\\"false\\"><span role=\\"img\\" aria-label=\\"ellipsis\\" class=\\"anticon anticon-ellipsis\\"><svg focusable=\\"false\\" class=\\"\\" data-icon=\\"ellipsis\\" width=\\"1em\\" height=\\"1em\\" fill=\\"currentColor\\" aria-hidden=\\"true\\" viewBox=\\"64 64 896 896\\"><path d=\\"M176 511a56 56 0 10112 0 56 56 0 10-112 0zm280 0a56 56 0 10112 0 56 56 0 10-112 0zm280 0a56 56 0 10112 0 56 56 0 10-112 0z\\"></path></svg></span></button>
      <!---->
    </div>
    <!---->
    <!---->
  </div>
  <div class=\\"ant-tabs-content-holder\\">
    <div class=\\"ant-tabs-content ant-tabs-content-top\\">
      <div role=\\"tabpanel\\" tabindex=\\"-1\\" aria-hidden=\\"true\\" class=\\"ant-tabs-tabpane ygp-tab-pane\\" id=\\"rc-tabs-test-panel-1\\" aria-labelledby=\\"rc-tabs-test-tab-1\\" style=\\"display: none;\\">选项一</div>
      <div role=\\"tabpanel\\" tabindex=\\"0\\" aria-hidden=\\"false\\" style=\\"\\" class=\\"ant-tabs-tabpane ant-tabs-tabpane-active ygp-tab-pane\\" id=\\"rc-tabs-test-panel-2\\" aria-labelledby=\\"rc-tabs-test-tab-2\\">选项二</div>
    </div>
  </div>
</div>"
`;

exports[`YTabs > tabs component default slot render is ok 1`] = `
"<a-tabs-stub type=\\"line\\" animated=\\"[object Object]\\" tabposition=\\"top\\" destroyinactivetabpane=\\"false\\" hideadd=\\"false\\" centered=\\"false\\" class=\\"ygp-tabs\\" activekey=\\"1\\">
  <y-tab-pane-stub tab=\\"选项一\\">选项一</y-tab-pane-stub>
  <y-tab-pane-stub tab=\\"选项二\\">选项二</y-tab-pane-stub>
</a-tabs-stub>"
`;
