// Vitest Snapshot v1

exports[`Form > Form component item is show or hide 1`] = `
"<form class=\\"ant-form ant-form-horizontal ygp-form\\">
  <div class=\\"ant-row ygp-row\\" style=\\"margin-left: -8px; margin-right: -8px;\\">
    <div class=\\"ant-col ant-col-24\\" style=\\"padding-left: 8px; padding-right: 8px;\\">
      <!---->
    </div>
    <div class=\\"ant-col ant-col-12 ygp-col\\" style=\\"padding-left: 8px; padding-right: 8px;\\">
      <div class=\\"ant-row ant-form-item ygp-form-item\\" trigger=\\"change\\">
        <div class=\\"ant-col ant-form-item-label\\" style=\\"width: 120px;\\"><label for=\\"showBasic_showInput\\" class=\\"\\" title=\\"\\"><span>显示input<!----></span>
            <!---->
          </label></div>
        <div class=\\"ant-col ant-form-item-control\\">
          <div class=\\"ant-form-item-control-input\\">
            <div class=\\"ant-form-item-control-input-content\\"><span class=\\"ant-input-affix-wrapper ygp-input\\"><!----><input placeholder=\\"请输入\\" type=\\"text\\" id=\\"showBasic_showInput\\" options=\\"\\" listtype=\\"link\\" class=\\"ant-input\\"><span class=\\"ant-input-suffix\\"><span role=\\"button\\" aria-label=\\"close-circle\\" tabindex=\\"-1\\" class=\\"anticon anticon-close-circle ant-input-clear-icon-hidden ant-input-clear-icon-has-suffix ant-input-clear-icon\\"><svg focusable=\\"false\\" class=\\"\\" data-icon=\\"close-circle\\" width=\\"1em\\" height=\\"1em\\" fill=\\"currentColor\\" aria-hidden=\\"true\\" viewBox=\\"64 64 896 896\\"><path d=\\"M512 64C264.6 64 64 264.6 64 512s200.6 448 448 448 448-200.6 448-448S759.4 64 512 64zm165.4 618.2l-66-.3L512 563.4l-99.3 118.4-66.1.3c-4.4 0-8-3.5-8-8 0-1.9.7-3.7 1.9-5.2l130.1-155L340.5 359a8.32 8.32 0 01-1.9-5.2c0-4.4 3.6-8 8-8l66.1.3L512 464.6l99.3-118.4 66-.3c4.4 0 8 3.5 8 8 0 1.9-.7 3.7-1.9 5.2L553.5 514l130 155c1.2 1.5 1.9 3.3 1.9 5.2 0 4.4-3.6 8-8 8z\\"></path></svg></span>
              <!----></span></span>
            </div>
            <!---->
          </div>
          <!---->
          <!---->
        </div>
      </div>
    </div>
    <div class=\\"ant-col ant-col-24\\" style=\\"padding-left: 8px; padding-right: 8px;\\">
      <!---->
    </div>
  </div>
  <div class=\\"ant-row ygp-row\\">
    <!---->
  </div>
</form>"
`;

exports[`Form > Form component item slot 1`] = `
"<form class=\\"ant-form ant-form-horizontal ygp-form\\">
  <div class=\\"ant-row ygp-row\\" style=\\"margin-left: -8px; margin-right: -8px;\\">
    <div class=\\"ant-col ant-col-24\\" style=\\"padding-left: 8px; padding-right: 8px;\\">
      <!---->
    </div>
    <div class=\\"ant-col ant-col-12 ygp-col\\" style=\\"padding-left: 8px; padding-right: 8px;\\">
      <div class=\\"ant-row ant-form-item ygp-form-item\\" trigger=\\"change\\">
        <div class=\\"ant-col ant-form-item-label\\" style=\\"width: 120px;\\"><label for=\\"basic_summary\\" class=\\"\\" title=\\"\\"><span><span class=\\"label-class\\">这是自定义label</span>
            <!----></span>
            <!---->
          </label></div>
        <div class=\\"ant-col ant-form-item-control\\">
          <div class=\\"ant-form-item-control-input\\">
            <div class=\\"ant-form-item-control-input-content\\">
              <div class=\\"slot-class\\">123</div>
            </div>
            <!---->
          </div>
          <!---->
          <!---->
        </div>
      </div>
    </div>
    <div class=\\"ant-col ant-col-24\\" style=\\"padding-left: 8px; padding-right: 8px;\\">
      <!---->
    </div>
  </div>
  <div class=\\"ant-row ygp-row\\">
    <div class=\\"action_box\\">
      <div class=\\"ant-row ant-form-item ygp-form-item\\" trigger=\\"change\\">
        <div class=\\"ant-col ant-form-item-label\\" style=\\"width: 120px;\\"><label class=\\"ant-form-item-no-colon\\" title=\\"\\"><span> <!----></span>
            <!---->
          </label></div>
        <div class=\\"ant-col ant-form-item-control\\">
          <div class=\\"ant-form-item-control-input\\">
            <div class=\\"ant-form-item-control-input-content\\">
              <div>
                <div class=\\"ant-space ant-space-horizontal ant-space-align-center ygp-space\\">
                  <div class=\\"ant-space-item\\">
                    <div class=\\"action-class\\">这是自定义的action插槽</div>
                  </div>
                  <!---->
                </div>
              </div>
            </div>
            <!---->
          </div>
          <!---->
          <!---->
        </div>
      </div>
      <!---->
    </div>
  </div>
</form>"
`;

exports[`Form > Form component item span and labelWidth is ok? 1`] = `
"<form class=\\"ant-form ant-form-horizontal ygp-form\\">
  <div class=\\"ant-row ygp-row\\" style=\\"margin-left: -8px; margin-right: -8px;\\">
    <div class=\\"ant-col ant-col-24\\" style=\\"padding-left: 8px; padding-right: 8px;\\">
      <!---->
    </div>
    <div class=\\"ant-col ant-col-14 ygp-col\\" style=\\"padding-left: 8px; padding-right: 8px;\\">
      <div class=\\"ant-row ant-form-item ygp-form-item\\" trigger=\\"change\\">
        <div class=\\"ant-col ant-form-item-label\\" style=\\"width: 140px;\\"><label for=\\"showBasic_showInput\\" class=\\"\\" title=\\"\\"><span>显示input<!----></span>
            <!---->
          </label></div>
        <div class=\\"ant-col ant-form-item-control\\">
          <div class=\\"ant-form-item-control-input\\">
            <div class=\\"ant-form-item-control-input-content\\"><span class=\\"ant-input-affix-wrapper ygp-input\\"><!----><input placeholder=\\"请输入\\" type=\\"text\\" id=\\"showBasic_showInput\\" options=\\"\\" listtype=\\"link\\" class=\\"ant-input\\"><span class=\\"ant-input-suffix\\"><span role=\\"button\\" aria-label=\\"close-circle\\" tabindex=\\"-1\\" class=\\"anticon anticon-close-circle ant-input-clear-icon-hidden ant-input-clear-icon-has-suffix ant-input-clear-icon\\"><svg focusable=\\"false\\" class=\\"\\" data-icon=\\"close-circle\\" width=\\"1em\\" height=\\"1em\\" fill=\\"currentColor\\" aria-hidden=\\"true\\" viewBox=\\"64 64 896 896\\"><path d=\\"M512 64C264.6 64 64 264.6 64 512s200.6 448 448 448 448-200.6 448-448S759.4 64 512 64zm165.4 618.2l-66-.3L512 563.4l-99.3 118.4-66.1.3c-4.4 0-8-3.5-8-8 0-1.9.7-3.7 1.9-5.2l130.1-155L340.5 359a8.32 8.32 0 01-1.9-5.2c0-4.4 3.6-8 8-8l66.1.3L512 464.6l99.3-118.4 66-.3c4.4 0 8 3.5 8 8 0 1.9-.7 3.7-1.9 5.2L553.5 514l130 155c1.2 1.5 1.9 3.3 1.9 5.2 0 4.4-3.6 8-8 8z\\"></path></svg></span>
              <!----></span></span>
            </div>
            <!---->
          </div>
          <!---->
          <!---->
        </div>
      </div>
    </div>
    <div class=\\"ant-col ant-col-24\\" style=\\"padding-left: 8px; padding-right: 8px;\\">
      <!---->
    </div>
    <div class=\\"ant-col ant-col-24\\" style=\\"padding-left: 8px; padding-right: 8px;\\">
      <!---->
    </div>
    <div class=\\"ant-col ant-col-14 ygp-col\\" style=\\"padding-left: 8px; padding-right: 8px;\\">
      <div class=\\"ant-row ant-form-item ygp-form-item\\" trigger=\\"change\\">
        <div class=\\"ant-col ant-form-item-label\\" style=\\"width: 140px;\\"><label for=\\"showBasic_showInput\\" class=\\"\\" title=\\"\\"><span>显示input<!----></span>
            <!---->
          </label></div>
        <div class=\\"ant-col ant-form-item-control\\">
          <div class=\\"ant-form-item-control-input\\">
            <div class=\\"ant-form-item-control-input-content\\"><span class=\\"ant-input-affix-wrapper ygp-input\\"><!----><input placeholder=\\"请输入\\" type=\\"text\\" id=\\"showBasic_showInput\\" options=\\"\\" listtype=\\"link\\" class=\\"ant-input\\"><span class=\\"ant-input-suffix\\"><span role=\\"button\\" aria-label=\\"close-circle\\" tabindex=\\"-1\\" class=\\"anticon anticon-close-circle ant-input-clear-icon-hidden ant-input-clear-icon-has-suffix ant-input-clear-icon\\"><svg focusable=\\"false\\" class=\\"\\" data-icon=\\"close-circle\\" width=\\"1em\\" height=\\"1em\\" fill=\\"currentColor\\" aria-hidden=\\"true\\" viewBox=\\"64 64 896 896\\"><path d=\\"M512 64C264.6 64 64 264.6 64 512s200.6 448 448 448 448-200.6 448-448S759.4 64 512 64zm165.4 618.2l-66-.3L512 563.4l-99.3 118.4-66.1.3c-4.4 0-8-3.5-8-8 0-1.9.7-3.7 1.9-5.2l130.1-155L340.5 359a8.32 8.32 0 01-1.9-5.2c0-4.4 3.6-8 8-8l66.1.3L512 464.6l99.3-118.4 66-.3c4.4 0 8 3.5 8 8 0 1.9-.7 3.7-1.9 5.2L553.5 514l130 155c1.2 1.5 1.9 3.3 1.9 5.2 0 4.4-3.6 8-8 8z\\"></path></svg></span>
              <!----></span></span>
            </div>
            <!---->
          </div>
          <!---->
          <!---->
        </div>
      </div>
    </div>
    <div class=\\"ant-col ant-col-24\\" style=\\"padding-left: 8px; padding-right: 8px;\\">
      <!---->
    </div>
  </div>
  <div class=\\"ant-row ygp-row\\">
    <!---->
  </div>
</form>"
`;

exports[`Form > Form component item submit valid is ok? 1`] = `
"<form class=\\"ant-form ant-form-horizontal ygp-form\\">
  <div class=\\"ant-row ygp-row\\" style=\\"margin-left: -8px; margin-right: -8px;\\">
    <!---->
    <div class=\\"ant-col ant-col-12 ygp-col\\" style=\\"padding-left: 8px; padding-right: 8px;\\">
      <div class=\\"ant-row ant-form-item ant-form-item-is-validating ygp-form-item\\" trigger=\\"change\\">
        <div class=\\"ant-col ant-form-item-label\\" style=\\"width: 120px;\\"><label for=\\"showBasic_showInput\\" class=\\"ant-form-item-required\\" title=\\"\\"><span>显示input<!----></span>
            <!---->
          </label></div>
        <div class=\\"ant-col ant-form-item-control\\">
          <div class=\\"ant-form-item-control-input\\">
            <div class=\\"ant-form-item-control-input-content\\"><span class=\\"ant-input-affix-wrapper ant-input-affix-wrapper-input-with-clear-btn ygp-input\\"><!----><input placeholder=\\"请输入\\" type=\\"text\\" id=\\"showBasic_showInput\\" options=\\"\\" listtype=\\"link\\" class=\\"ant-input\\"><span class=\\"ant-input-suffix\\"><span role=\\"button\\" aria-label=\\"close-circle\\" tabindex=\\"-1\\" class=\\"anticon anticon-close-circle ant-input-clear-icon-has-suffix ant-input-clear-icon\\"><svg focusable=\\"false\\" class=\\"\\" data-icon=\\"close-circle\\" width=\\"1em\\" height=\\"1em\\" fill=\\"currentColor\\" aria-hidden=\\"true\\" viewBox=\\"64 64 896 896\\"><path d=\\"M512 64C264.6 64 64 264.6 64 512s200.6 448 448 448 448-200.6 448-448S759.4 64 512 64zm165.4 618.2l-66-.3L512 563.4l-99.3 118.4-66.1.3c-4.4 0-8-3.5-8-8 0-1.9.7-3.7 1.9-5.2l130.1-155L340.5 359a8.32 8.32 0 01-1.9-5.2c0-4.4 3.6-8 8-8l66.1.3L512 464.6l99.3-118.4 66-.3c4.4 0 8 3.5 8 8 0 1.9-.7 3.7-1.9 5.2L553.5 514l130 155c1.2 1.5 1.9 3.3 1.9 5.2 0 4.4-3.6 8-8 8z\\"></path></svg></span>
              <!----></span></span>
            </div>
            <!---->
          </div>
          <!---->
          <!---->
        </div>
      </div>
    </div>
    <!---->
  </div>
  <div class=\\"ant-row ygp-row\\">
    <div class=\\"action_box\\">
      <div class=\\"ant-row ant-form-item ygp-form-item\\" trigger=\\"change\\">
        <div class=\\"ant-col ant-form-item-label\\" style=\\"width: 120px;\\"><label class=\\"ant-form-item-no-colon\\" title=\\"\\"><span> <!----></span>
            <!---->
          </label></div>
        <div class=\\"ant-col ant-form-item-control\\">
          <div class=\\"ant-form-item-control-input\\">
            <div class=\\"ant-form-item-control-input-content\\">
              <div>
                <div class=\\"ant-space ant-space-horizontal ant-space-align-center ygp-space\\">
                  <div class=\\"ant-space-item\\"><button class=\\"ant-btn ant-btn-primary ygp-btn\\" type=\\"submit\\">
                      <transition-stub name=\\"ant-btn-loading-icon-motion\\" appear=\\"false\\" persisted=\\"false\\" css=\\"true\\">
                        <!---->
                      </transition-stub><span>保 存</span>
                    </button></div>
                  <!---->
                </div>
              </div>
            </div>
            <!---->
          </div>
          <!---->
          <!---->
        </div>
      </div>
      <!---->
    </div>
  </div>
</form>"
`;

exports[`Form > Form component item type render is ok？ 1`] = `
"<form class=\\"ant-form ant-form-horizontal ygp-form\\">
  <div class=\\"ant-row ygp-row\\" style=\\"margin-left: -8px; margin-right: -8px;\\">
    <!---->
    <div class=\\"ant-col ant-col-12 ygp-col\\" style=\\"padding-left: 8px; padding-right: 8px;\\">
      <div class=\\"ant-row ant-form-item ygp-form-item\\" trigger=\\"change\\">
        <div class=\\"ant-col ant-form-item-label\\" style=\\"width: 120px;\\"><label for=\\"showBasic_select\\" class=\\"\\" title=\\"\\"><span>单选下拉框<!----></span>
            <!---->
          </label></div>
        <div class=\\"ant-col ant-form-item-control\\">
          <div class=\\"ant-form-item-control-input\\">
            <div class=\\"ant-form-item-control-input-content\\">
              <div class=\\"ant-select ygp-select ant-select-single ant-select-allow-clear ant-select-show-arrow\\" listtype=\\"link\\">
                <!---->
                <!---->
                <div class=\\"ant-select-selector\\"><span class=\\"ant-select-selection-search\\"><input type=\\"search\\" id=\\"showBasic_select\\" autocomplete=\\"off\\" class=\\"ant-select-selection-search-input\\" role=\\"combobox\\" aria-haspopup=\\"listbox\\" aria-owns=\\"showBasic_select_list\\" aria-autocomplete=\\"list\\" aria-controls=\\"showBasic_select_list\\" aria-activedescendant=\\"showBasic_select_list_0\\" readonly=\\"\\" unselectable=\\"on\\" style=\\"opacity: 0;\\"></span>
                  <!----><span class=\\"ant-select-selection-placeholder\\">请选择</span>
                </div><span class=\\"ant-select-arrow\\" style=\\"user-select: none;\\" unselectable=\\"on\\" aria-hidden=\\"true\\"><span role=\\"img\\" aria-label=\\"caret-down\\" class=\\"anticon anticon-caret-down ant-select-suffix\\"><svg focusable=\\"false\\" class=\\"\\" data-icon=\\"caret-down\\" width=\\"1em\\" height=\\"1em\\" fill=\\"currentColor\\" aria-hidden=\\"true\\" viewBox=\\"0 0 1024 1024\\"><path d=\\"M840.4 300H183.6c-19.7 0-30.7 20.8-18.5 35l328.4 380.8c9.4 10.9 27.5 10.9 37 0L858.9 335c12.2-14.2 1.2-35-18.5-35z\\"></path></svg></span></span>
                <!---->
              </div>
            </div>
            <!---->
          </div>
          <!---->
          <!---->
        </div>
      </div>
    </div>
    <!---->
    <div class=\\"ant-col ant-col-24\\" style=\\"padding-left: 8px; padding-right: 8px;\\">
      <!---->
    </div>
    <div class=\\"ant-col ant-col-12 ygp-col\\" style=\\"padding-left: 8px; padding-right: 8px;\\">
      <div class=\\"ant-row ant-form-item ygp-form-item\\" trigger=\\"change\\">
        <div class=\\"ant-col ant-form-item-label\\" style=\\"width: 120px;\\"><label for=\\"showBasic_textarea\\" class=\\"\\" title=\\"\\"><span>多行文本<!----></span>
            <!---->
          </label></div>
        <div class=\\"ant-col ant-form-item-control\\">
          <div class=\\"ant-form-item-control-input\\">
            <div class=\\"ant-form-item-control-input-content\\"><span class=\\"ant-input-affix-wrapper ant-input-affix-wrapper-textarea-with-clear-btn ygp-textarea\\"><textarea htmlsize=\\"20\\" placeholder=\\"请输入\\" id=\\"showBasic_textarea\\" options=\\"\\" listtype=\\"link\\" class=\\"ant-input ygp-textarea\\"></textarea><span role=\\"button\\" aria-label=\\"close-circle\\" tabindex=\\"-1\\" class=\\"anticon anticon-close-circle ant-input-clear-icon-hidden ant-input-clear-icon\\"><svg focusable=\\"false\\" class=\\"\\" data-icon=\\"close-circle\\" width=\\"1em\\" height=\\"1em\\" fill=\\"currentColor\\" aria-hidden=\\"true\\" viewBox=\\"64 64 896 896\\"><path d=\\"M512 64C264.6 64 64 264.6 64 512s200.6 448 448 448 448-200.6 448-448S759.4 64 512 64zm165.4 618.2l-66-.3L512 563.4l-99.3 118.4-66.1.3c-4.4 0-8-3.5-8-8 0-1.9.7-3.7 1.9-5.2l130.1-155L340.5 359a8.32 8.32 0 01-1.9-5.2c0-4.4 3.6-8 8-8l66.1.3L512 464.6l99.3-118.4 66-.3c4.4 0 8 3.5 8 8 0 1.9-.7 3.7-1.9 5.2L553.5 514l130 155c1.2 1.5 1.9 3.3 1.9 5.2 0 4.4-3.6 8-8 8z\\"></path></svg></span></span></div>
            <!---->
          </div>
          <!---->
          <!---->
        </div>
      </div>
    </div>
    <div class=\\"ant-col ant-col-24\\" style=\\"padding-left: 8px; padding-right: 8px;\\">
      <!---->
    </div>
    <!---->
    <div class=\\"ant-col ant-col-12 ygp-col\\" style=\\"padding-left: 8px; padding-right: 8px;\\">
      <div class=\\"ant-row ant-form-item ygp-form-item\\" trigger=\\"change\\">
        <div class=\\"ant-col ant-form-item-label\\" style=\\"width: 120px;\\"><label for=\\"showBasic_search\\" class=\\"\\" title=\\"\\"><span>搜索输入框<!----></span>
            <!---->
          </label></div>
        <div class=\\"ant-col ant-form-item-control\\">
          <div class=\\"ant-form-item-control-input\\">
            <div class=\\"ant-form-item-control-input-content\\"><span class=\\"ant-input-group-wrapper ant-input-search ygp-input-search\\"><span class=\\"ant-input-wrapper ant-input-group\\"><!----><span class=\\"ant-input-affix-wrapper\\"><!----><input placeholder=\\"请输入\\" id=\\"showBasic_search\\" type=\\"text\\" options=\\"\\" listtype=\\"link\\" class=\\"ant-input\\"><span class=\\"ant-input-suffix\\"><span role=\\"button\\" aria-label=\\"close-circle\\" tabindex=\\"-1\\" class=\\"anticon anticon-close-circle ant-input-clear-icon-hidden ant-input-clear-icon-has-suffix ant-input-clear-icon\\"><svg focusable=\\"false\\" class=\\"\\" data-icon=\\"close-circle\\" width=\\"1em\\" height=\\"1em\\" fill=\\"currentColor\\" aria-hidden=\\"true\\" viewBox=\\"64 64 896 896\\"><path d=\\"M512 64C264.6 64 64 264.6 64 512s200.6 448 448 448 448-200.6 448-448S759.4 64 512 64zm165.4 618.2l-66-.3L512 563.4l-99.3 118.4-66.1.3c-4.4 0-8-3.5-8-8 0-1.9.7-3.7 1.9-5.2l130.1-155L340.5 359a8.32 8.32 0 01-1.9-5.2c0-4.4 3.6-8 8-8l66.1.3L512 464.6l99.3-118.4 66-.3c4.4 0 8 3.5 8 8 0 1.9-.7 3.7-1.9 5.2L553.5 514l130 155c1.2 1.5 1.9 3.3 1.9 5.2 0 4.4-3.6 8-8 8z\\"></path></svg></span>
              <!----></span></span><span class=\\"ant-input-group-addon\\"><button class=\\"ant-btn ant-input-search-button ant-btn-icon-only\\" type=\\"button\\"><span role=\\"img\\" aria-label=\\"search\\" class=\\"anticon anticon-search\\"><svg focusable=\\"false\\" class=\\"\\" data-icon=\\"search\\" width=\\"1em\\" height=\\"1em\\" fill=\\"currentColor\\" aria-hidden=\\"true\\" viewBox=\\"64 64 896 896\\"><path d=\\"M909.6 854.5L649.9 594.8C690.2 542.7 712 479 712 412c0-80.2-31.3-155.4-87.9-212.1-56.6-56.7-132-87.9-212.1-87.9s-155.5 31.3-212.1 87.9C143.2 256.5 112 331.8 112 412c0 80.1 31.3 155.5 87.9 212.1C256.5 680.8 331.8 712 412 712c67 0 130.6-21.8 182.7-62l259.7 259.6a8.2 8.2 0 0011.6 0l43.6-43.5a8.2 8.2 0 000-11.6zM570.4 570.4C528 612.7 471.8 636 412 636s-116-23.3-158.4-65.6C211.3 528 188 471.8 188 412s23.3-116.1 65.6-158.4C296 211.3 352.2 188 412 188s116.1 23.2 158.4 65.6S636 352.2 636 412s-23.3 116.1-65.6 158.4z\\"></path></svg></span></button></span></span></span>
            </div>
            <!---->
          </div>
          <!---->
          <!---->
        </div>
      </div>
    </div>
    <!---->
    <!---->
    <div class=\\"ant-col ant-col-12 ygp-col\\" style=\\"padding-left: 8px; padding-right: 8px;\\">
      <div class=\\"ant-row ant-form-item ygp-form-item\\" trigger=\\"change\\">
        <div class=\\"ant-col ant-form-item-label\\" style=\\"width: 120px;\\"><label for=\\"showBasic_multipleselect\\" class=\\"\\" title=\\"\\"><span>多选下拉框<!----></span>
            <!---->
          </label></div>
        <div class=\\"ant-col ant-form-item-control\\">
          <div class=\\"ant-form-item-control-input\\">
            <div class=\\"ant-form-item-control-input-content\\">
              <div class=\\"ant-select ygp-select ant-select-multiple ant-select-allow-clear\\" listtype=\\"link\\">
                <!---->
                <!---->
                <div class=\\"ant-select-selector\\">
                  <div class=\\"ant-select-selection-overflow\\">
                    <!---->
                    <div class=\\"ant-select-selection-overflow-item ant-select-selection-overflow-item-suffix\\" style=\\"opacity: 1;\\">
                      <div class=\\"ant-select-selection-search\\" style=\\"width: 0px;\\"><input type=\\"search\\" id=\\"showBasic_multipleselect\\" autocomplete=\\"off\\" class=\\"ant-select-selection-search-input\\" role=\\"combobox\\" aria-haspopup=\\"listbox\\" aria-owns=\\"showBasic_multipleselect_list\\" aria-autocomplete=\\"list\\" aria-controls=\\"showBasic_multipleselect_list\\" aria-activedescendant=\\"showBasic_multipleselect_list_0\\" readonly=\\"\\" unselectable=\\"on\\" style=\\"opacity: 0;\\"><span class=\\"ant-select-selection-search-mirror\\" aria-hidden=\\"true\\">&nbsp;</span></div>
                    </div>
                    <!---->
                  </div><span class=\\"ant-select-selection-placeholder\\">请选择</span>
                </div>
                <!---->
                <!---->
              </div>
            </div>
            <!---->
          </div>
          <!---->
          <!---->
        </div>
      </div>
    </div>
    <!---->
    <!---->
    <div class=\\"ant-col ant-col-12 ygp-col\\" style=\\"padding-left: 8px; padding-right: 8px;\\">
      <div class=\\"ant-row ant-form-item ygp-form-item\\" trigger=\\"change\\">
        <div class=\\"ant-col ant-form-item-label\\" style=\\"width: 120px;\\"><label for=\\"showBasic_date\\" class=\\"\\" title=\\"\\"><span>日期<!----></span>
            <!---->
          </label></div>
        <div class=\\"ant-col ant-form-item-control\\">
          <div class=\\"ant-form-item-control-input\\">
            <div class=\\"ant-form-item-control-input-content\\">
              <div class=\\"ant-picker ygp-date\\">
                <div class=\\"ant-picker-input\\"><input id=\\"showBasic_date\\" readonly=\\"\\" placeholder=\\"Select date\\" title=\\"\\" size=\\"12\\" autocomplete=\\"off\\"><span class=\\"ant-picker-suffix\\"><span role=\\"img\\" aria-label=\\"calendar\\" class=\\"anticon anticon-calendar\\"><svg focusable=\\"false\\" class=\\"\\" data-icon=\\"calendar\\" width=\\"1em\\" height=\\"1em\\" fill=\\"currentColor\\" aria-hidden=\\"true\\" viewBox=\\"64 64 896 896\\"><path d=\\"M880 184H712v-64c0-4.4-3.6-8-8-8h-56c-4.4 0-8 3.6-8 8v64H384v-64c0-4.4-3.6-8-8-8h-56c-4.4 0-8 3.6-8 8v64H144c-17.7 0-32 14.3-32 32v664c0 17.7 14.3 32 32 32h736c17.7 0 32-14.3 32-32V216c0-17.7-14.3-32-32-32zm-40 656H184V460h656v380zM184 392V256h128v48c0 4.4 3.6 8 8 8h56c4.4 0 8-3.6 8-8v-48h256v48c0 4.4 3.6 8 8 8h56c4.4 0 8-3.6 8-8v-48h128v136H184z\\"></path></svg></span></span>
                  <!---->
                </div>
                <!---->
              </div>
            </div>
            <!---->
          </div>
          <!---->
          <!---->
        </div>
      </div>
    </div>
    <!---->
    <!---->
    <div class=\\"ant-col ant-col-12 ygp-col\\" style=\\"padding-left: 8px; padding-right: 8px;\\">
      <div class=\\"ant-row ant-form-item ygp-form-item\\" trigger=\\"change\\">
        <div class=\\"ant-col ant-form-item-label\\" style=\\"width: 120px;\\"><label for=\\"showBasic_daterange\\" class=\\"\\" title=\\"\\"><span>日期范围<!----></span>
            <!---->
          </label></div>
        <div class=\\"ant-col ant-form-item-control\\">
          <div class=\\"ant-form-item-control-input\\">
            <div class=\\"ant-form-item-control-input-content\\">
              <div class=\\"ant-picker ant-picker-range ygp-date-range\\">
                <div class=\\"ant-picker-input ant-picker-input-active\\"><input id=\\"showBasic_daterange\\" readonly=\\"\\" placeholder=\\"Start date\\" size=\\"12\\" autocomplete=\\"off\\"></div>
                <div class=\\"ant-picker-range-separator\\"><span aria-label=\\"to\\" class=\\"ant-picker-separator\\"><span role=\\"img\\" aria-label=\\"swap-right\\" class=\\"anticon anticon-swap-right\\"><svg focusable=\\"false\\" class=\\"\\" data-icon=\\"swap-right\\" width=\\"1em\\" height=\\"1em\\" fill=\\"currentColor\\" aria-hidden=\\"true\\" viewBox=\\"0 0 1024 1024\\"><path d=\\"M873.1 596.2l-164-208A32 32 0 00684 376h-64.8c-6.7 0-10.4 7.7-6.3 13l144.3 183H152c-4.4 0-8 3.6-8 8v60c0 4.4 3.6 8 8 8h695.9c26.8 0 41.7-30.8 25.2-51.8z\\"></path></svg></span></span></div>
                <div class=\\"ant-picker-input\\"><input readonly=\\"\\" placeholder=\\"End date\\" size=\\"12\\" autocomplete=\\"off\\"></div>
                <div class=\\"ant-picker-active-bar\\" style=\\"left: 0px; width: 0px; position: absolute;\\"></div><span class=\\"ant-picker-suffix\\"><span role=\\"img\\" aria-label=\\"calendar\\" class=\\"anticon anticon-calendar\\"><svg focusable=\\"false\\" class=\\"\\" data-icon=\\"calendar\\" width=\\"1em\\" height=\\"1em\\" fill=\\"currentColor\\" aria-hidden=\\"true\\" viewBox=\\"64 64 896 896\\"><path d=\\"M880 184H712v-64c0-4.4-3.6-8-8-8h-56c-4.4 0-8 3.6-8 8v64H384v-64c0-4.4-3.6-8-8-8h-56c-4.4 0-8 3.6-8 8v64H144c-17.7 0-32 14.3-32 32v664c0 17.7 14.3 32 32 32h736c17.7 0 32-14.3 32-32V216c0-17.7-14.3-32-32-32zm-40 656H184V460h656v380zM184 392V256h128v48c0 4.4 3.6 8 8 8h56c4.4 0 8-3.6 8-8v-48h256v48c0 4.4 3.6 8 8 8h56c4.4 0 8-3.6 8-8v-48h128v136H184z\\"></path></svg></span></span>
                <!---->
                <!---->
              </div>
            </div>
            <!---->
          </div>
          <!---->
          <!---->
        </div>
      </div>
    </div>
    <!---->
  </div>
  <div class=\\"ant-row ygp-row\\">
    <!---->
  </div>
</form>"
`;

exports[`Form > default Form component item is input 1`] = `
"<form class=\\"ant-form ant-form-horizontal ygp-form\\">
  <div class=\\"ant-row ygp-row\\" style=\\"margin-left: -8px; margin-right: -8px;\\">
    <div class=\\"ant-col ant-col-24\\" style=\\"padding-left: 8px; padding-right: 8px;\\">
      <!---->
    </div>
    <div class=\\"ant-col ant-col-12 ygp-col\\" style=\\"padding-left: 8px; padding-right: 8px;\\">
      <div class=\\"ant-row ant-form-item ygp-form-item\\" trigger=\\"change\\">
        <div class=\\"ant-col ant-form-item-label\\" style=\\"width: 120px;\\"><label for=\\"defaultBasic_defaultInput\\" class=\\"\\" title=\\"\\"><span>默认input<!----></span>
            <!---->
          </label></div>
        <div class=\\"ant-col ant-form-item-control\\">
          <div class=\\"ant-form-item-control-input\\">
            <div class=\\"ant-form-item-control-input-content\\"><span class=\\"ant-input-affix-wrapper ygp-input\\"><!----><input placeholder=\\"请输入\\" type=\\"text\\" id=\\"defaultBasic_defaultInput\\" options=\\"\\" listtype=\\"link\\" class=\\"ant-input\\"><span class=\\"ant-input-suffix\\"><span role=\\"button\\" aria-label=\\"close-circle\\" tabindex=\\"-1\\" class=\\"anticon anticon-close-circle ant-input-clear-icon-hidden ant-input-clear-icon-has-suffix ant-input-clear-icon\\"><svg focusable=\\"false\\" class=\\"\\" data-icon=\\"close-circle\\" width=\\"1em\\" height=\\"1em\\" fill=\\"currentColor\\" aria-hidden=\\"true\\" viewBox=\\"64 64 896 896\\"><path d=\\"M512 64C264.6 64 64 264.6 64 512s200.6 448 448 448 448-200.6 448-448S759.4 64 512 64zm165.4 618.2l-66-.3L512 563.4l-99.3 118.4-66.1.3c-4.4 0-8-3.5-8-8 0-1.9.7-3.7 1.9-5.2l130.1-155L340.5 359a8.32 8.32 0 01-1.9-5.2c0-4.4 3.6-8 8-8l66.1.3L512 464.6l99.3-118.4 66-.3c4.4 0 8 3.5 8 8 0 1.9-.7 3.7-1.9 5.2L553.5 514l130 155c1.2 1.5 1.9 3.3 1.9 5.2 0 4.4-3.6 8-8 8z\\"></path></svg></span>
              <!----></span></span>
            </div>
            <!---->
          </div>
          <!---->
          <!---->
        </div>
      </div>
    </div>
    <div class=\\"ant-col ant-col-24\\" style=\\"padding-left: 8px; padding-right: 8px;\\">
      <!---->
    </div>
  </div>
  <div class=\\"ant-row ygp-row\\">
    <!---->
  </div>
</form>"
`;
